[00:47:49] [INFO] DB Test
[00:47:49] [INFO] Tables: [('t_novel_site',), ('sqlite_sequence',), ('books',), ('chapters',), ('shelf',), ('notes',)]
[00:47:49] [INFO] Fields: [(0, 'id', 'INTEGER', 0, None, 1), (1, 'site_name', 'TEXT', 0, None, 0), (2, 'domain', 'TEXT', 0, None, 0), (3, 'title_selector', 'TEXT', 0, None, 0), (4, 'author_selector', 'TEXT', 0, None, 0), (5, 'cover_selector', 'TEXT', 0, None, 0), (6, 'desc_selector', 'TEXT', 0, None, 0), (7, 'chapter_list_selector', 'TEXT', 0, None, 0), (8, 'chapter_title_selector', 'TEXT', 0, None, 0), (9, 'chapter_url_selector', 'TEXT', 0, None, 0), (10, 'content_selector', 'TEXT', 0, None, 0), (11, 'filter_words', 'TEXT', 0, None, 0)]
[00:47:49] [INFO] Rows: []
[00:47:49] [INFO] Fields: [(0, 'name', '', 0, None, 0), (1, 'seq', '', 0, None, 0)]
[00:47:49] [INFO] Rows: []
[00:47:49] [INFO] Fields: [(0, 'book_id', 'TEXT', 0, None, 1), (1, 'title', 'TEXT', 0, None, 0), (2, 'author', 'TEXT', 0, None, 0), (3, 'cover', 'TEXT', 0, None, 0), (4, 'desc', 'TEXT', 0, None, 0), (5, 'url', 'TEXT', 0, None, 0), (6, 'word_count', 'INTEGER', 0, None, 0), (7, 'add_time', 'TEXT', 0, None, 0)]
[00:47:49] [INFO] Rows: []
[00:47:49] [INFO] Fields: [(0, 'id', 'INTEGER', 0, None, 1), (1, 'book_id', 'TEXT', 0, None, 0), (2, 'title', 'TEXT', 0, None, 0), (3, 'url', 'TEXT', 0, None, 0), (4, 'content', 'TEXT', 0, None, 0), (5, 'idx', 'INTEGER', 0, None, 0)]
[00:47:49] [INFO] Rows: []
[00:47:49] [INFO] Fields: [(0, 'id', 'INTEGER', 0, None, 1), (1, 'book_id', 'TEXT', 0, None, 0), (2, 'title', 'TEXT', 0, None, 0)]
[00:47:49] [INFO] Rows: []
[00:47:49] [INFO] Fields: [(0, 'id', 'INTEGER', 0, None, 1), (1, 'book_id', 'TEXT', 0, None, 0), (2, 'chapter_idx', 'INTEGER', 0, None, 0), (3, 'content', 'TEXT', 0, None, 0), (4, 'create_time', 'TEXT', 0, None, 0)]
[00:47:49] [INFO] Rows: []
[00:48:05] [INFO] DB Test
[00:48:05] [INFO] Tables: [('t_novel_site',), ('sqlite_sequence',), ('books',), ('chapters',), ('shelf',), ('notes',)]
[00:48:05] [INFO] Fields: [(0, 'id', 'INTEGER', 0, None, 1), (1, 'site_name', 'TEXT', 0, None, 0), (2, 'domain', 'TEXT', 0, None, 0), (3, 'title_selector', 'TEXT', 0, None, 0), (4, 'author_selector', 'TEXT', 0, None, 0), (5, 'cover_selector', 'TEXT', 0, None, 0), (6, 'desc_selector', 'TEXT', 0, None, 0), (7, 'chapter_list_selector', 'TEXT', 0, None, 0), (8, 'chapter_title_selector', 'TEXT', 0, None, 0), (9, 'chapter_url_selector', 'TEXT', 0, None, 0), (10, 'content_selector', 'TEXT', 0, None, 0), (11, 'filter_words', 'TEXT', 0, None, 0)]
[00:48:05] [INFO] Rows: []
[00:48:05] [INFO] Fields: [(0, 'name', '', 0, None, 0), (1, 'seq', '', 0, None, 0)]
[00:48:05] [INFO] Rows: []
[00:48:05] [INFO] Fields: [(0, 'book_id', 'TEXT', 0, None, 1), (1, 'title', 'TEXT', 0, None, 0), (2, 'author', 'TEXT', 0, None, 0), (3, 'cover', 'TEXT', 0, None, 0), (4, 'desc', 'TEXT', 0, None, 0), (5, 'url', 'TEXT', 0, None, 0), (6, 'word_count', 'INTEGER', 0, None, 0), (7, 'add_time', 'TEXT', 0, None, 0)]
[00:48:05] [INFO] Rows: []
[00:48:05] [INFO] Fields: [(0, 'id', 'INTEGER', 0, None, 1), (1, 'book_id', 'TEXT', 0, None, 0), (2, 'title', 'TEXT', 0, None, 0), (3, 'url', 'TEXT', 0, None, 0), (4, 'content', 'TEXT', 0, None, 0), (5, 'idx', 'INTEGER', 0, None, 0)]
[00:48:05] [INFO] Rows: []
[00:48:05] [INFO] Fields: [(0, 'id', 'INTEGER', 0, None, 1), (1, 'book_id', 'TEXT', 0, None, 0), (2, 'title', 'TEXT', 0, None, 0)]
[00:48:05] [INFO] Rows: []
[00:48:05] [INFO] Fields: [(0, 'id', 'INTEGER', 0, None, 1), (1, 'book_id', 'TEXT', 0, None, 0), (2, 'chapter_idx', 'INTEGER', 0, None, 0), (3, 'content', 'TEXT', 0, None, 0), (4, 'create_time', 'TEXT', 0, None, 0)]
[00:48:05] [INFO] Rows: []
[00:50:53] [INFO] 数据库中已存在小说站点表，无需首次初始化...
[00:50:53] [INFO] 数据库中已存在小说站点表，无需首次初始化...
[00:50:53] [INFO] 数据库中已存在小说站点表，无需首次初始化...
[00:50:53] [INFO] 数据库中已存在小说站点表，无需首次初始化...
[00:50:53] [INFO] 数据库中已存在小说站点表，无需首次初始化...
[00:50:53] [INFO] 数据库中已存在小说站点表，无需首次初始化...
[00:50:53] [INFO] 数据库中已存在小说站点表，无需首次初始化...
[00:50:53] [INFO] 数据库中已存在小说站点表，无需首次初始化...
[00:50:53] [INFO] 数据库中已存在小说站点表，无需首次初始化...
[00:50:53] [INFO] 数据库中已存在小说站点表，无需首次初始化...
[00:50:53] [INFO] 数据库中已存在小说站点表，无需首次初始化...
[00:50:53] [INFO] 数据库中已存在小说站点表，无需首次初始化...
[00:50:53] [INFO] 数据库中已存在小说站点表，无需首次初始化...
[00:50:53] [INFO] 数据库中已存在小说站点表，无需首次初始化...
[00:50:53] [INFO] 数据库中已存在小说站点表，无需首次初始化...
[00:50:53] [INFO] 数据库中已存在小说站点表，无需首次初始化...
[00:50:53] [INFO] 数据库中已存在小说站点表，无需首次初始化...
[00:50:53] [INFO] 数据库中已存在小说站点表，无需首次初始化...
[00:50:53] [INFO] 数据库中已存在小说站点表，无需首次初始化...
[00:50:53] [INFO] 数据库中已存在小说站点表，无需首次初始化...
[00:50:53] [INFO] 数据库中已存在小说站点表，无需首次初始化...
[00:50:53] [INFO] 数据库中已存在小说站点表，无需首次初始化...
[00:50:53] [INFO] 数据库中已存在小说站点表，无需首次初始化...
[00:50:53] [INFO] 数据库中已存在小说站点表，无需首次初始化...
[00:50:53] [INFO] 数据库中已存在小说站点表，无需首次初始化...
[00:50:53] [INFO] 数据库中已存在小说站点表，无需首次初始化...
[00:50:53] [INFO] 数据库中已存在小说站点表，无需首次初始化...
[00:50:53] [INFO] 数据库中已存在小说站点表，无需首次初始化...
[00:50:53] [INFO] 数据库中已存在小说站点表，无需首次初始化...
[00:50:53] [INFO] 数据库中已存在小说站点表，无需首次初始化...
[00:50:53] [INFO] 数据库中已存在小说站点表，无需首次初始化...
[00:50:53] [INFO] 数据库中已存在小说站点表，无需首次初始化...
[00:50:53] [INFO] 数据库中已存在小说站点表，无需首次初始化...
[00:50:53] [INFO] 数据库中已存在小说站点表，无需首次初始化...
[00:50:53] [INFO] 数据库中已存在小说站点表，无需首次初始化...
[00:50:53] [INFO] 数据库中已存在小说站点表，无需首次初始化...
[00:50:53] [INFO] 数据库中已存在小说站点表，无需首次初始化...
[00:50:53] [INFO] 数据库中已存在小说站点表，无需首次初始化...
[00:50:53] [INFO] 数据库中已存在小说站点表，无需首次初始化...
[00:50:53] [INFO] 数据库中已存在小说站点表，无需首次初始化...
[00:50:53] [INFO] 数据库中已存在小说站点表，无需首次初始化...
[00:50:53] [INFO] 数据库中已存在小说站点表，无需首次初始化...
[00:50:53] [INFO] 数据库中已存在小说站点表，无需首次初始化...
[00:50:53] [INFO] 数据库中已存在小说站点表，无需首次初始化...
[00:50:53] [INFO] 数据库中已存在小说站点表，无需首次初始化...
[00:50:53] [INFO] 数据库中已存在小说站点表，无需首次初始化...
[00:50:53] [INFO] 数据库中已存在小说站点表，无需首次初始化...
[00:50:53] [INFO] 数据库中已存在小说站点表，无需首次初始化...
[00:50:53] [INFO] 数据库中已存在小说站点表，无需首次初始化...
[00:50:53] [INFO] 数据库中已存在小说站点表，无需首次初始化...
[00:50:53] [INFO] 数据库中已存在小说站点表，无需首次初始化...
[00:50:53] [INFO] 数据库中已存在小说站点表，无需首次初始化...
[00:50:53] [INFO] 数据库中已存在小说站点表，无需首次初始化...
[00:50:53] [INFO] 数据库中已存在小说站点表，无需首次初始化...
[00:50:53] [INFO] 数据库中已存在小说站点表，无需首次初始化...
[00:50:53] [INFO] 数据库中已存在小说站点表，无需首次初始化...
[00:50:53] [INFO] 数据库中已存在小说站点表，无需首次初始化...
[00:50:53] [INFO] 数据库中已存在小说站点表，无需首次初始化...
[00:50:53] [INFO] 数据库中已存在小说站点表，无需首次初始化...
[00:50:53] [INFO] 数据库中已存在小说站点表，无需首次初始化...
[00:50:53] [INFO] 数据库中已存在小说站点表，无需首次初始化...
[00:50:53] [INFO] 数据库中已存在小说站点表，无需首次初始化...
[00:50:53] [INFO] 数据库中已存在小说站点表，无需首次初始化...
[00:50:53] [INFO] 数据库中已存在小说站点表，无需首次初始化...
[00:50:53] [INFO] 数据库中已存在小说站点表，无需首次初始化...
[00:50:53] [INFO] 数据库中已存在小说站点表，无需首次初始化...
[00:50:53] [INFO] 数据库中已存在小说站点表，无需首次初始化...
[00:50:53] [INFO] 数据库中已存在小说站点表，无需首次初始化...
[00:50:53] [INFO] 数据库中已存在小说站点表，无需首次初始化...
[00:50:53] [INFO] 数据库中已存在小说站点表，无需首次初始化...
[00:50:53] [INFO] 数据库中已存在小说站点表，无需首次初始化...
[00:50:53] [INFO] 数据库中已存在小说站点表，无需首次初始化...
[00:50:53] [INFO] 数据库中已存在小说站点表，无需首次初始化...
[00:50:53] [INFO] 数据库中已存在小说站点表，无需首次初始化...
[00:50:53] [INFO] 数据库中已存在小说站点表，无需首次初始化...
[00:50:53] [INFO] 数据库中已存在小说站点表，无需首次初始化...
[00:50:53] [INFO] 数据库中已存在小说站点表，无需首次初始化...
[00:50:53] [INFO] 数据库中已存在小说站点表，无需首次初始化...
[00:50:53] [INFO] 数据库中已存在小说站点表，无需首次初始化...
[00:50:53] [INFO] 数据库中已存在小说站点表，无需首次初始化...
[00:50:53] [INFO] 数据库中已存在小说站点表，无需首次初始化...
[00:50:53] [INFO] 数据库中已存在小说站点表，无需首次初始化...
[00:50:53] [INFO] 数据库中已存在小说站点表，无需首次初始化...
[00:50:53] [INFO] 数据库中已存在小说站点表，无需首次初始化...
[00:50:53] [INFO] 数据库中已存在小说站点表，无需首次初始化...
[00:50:53] [INFO] 数据库中已存在小说站点表，无需首次初始化...
[00:50:53] [INFO] 数据库中已存在小说站点表，无需首次初始化...
[00:50:53] [INFO] 数据库中已存在小说站点表，无需首次初始化...
[00:50:53] [INFO] 数据库中已存在小说站点表，无需首次初始化...
[00:50:53] [INFO] 数据库中已存在小说站点表，无需首次初始化...
[00:50:53] [INFO] 数据库中已存在小说站点表，无需首次初始化...
[00:50:53] [INFO] 数据库中已存在小说站点表，无需首次初始化...
[00:50:53] [INFO] 数据库中已存在小说站点表，无需首次初始化...
[00:50:53] [INFO] 数据库中已存在小说站点表，无需首次初始化...
[00:50:53] [INFO] 数据库中已存在小说站点表，无需首次初始化...
[00:50:53] [INFO] 数据库中已存在小说站点表，无需首次初始化...
[00:50:53] [INFO] 数据库中已存在小说站点表，无需首次初始化...
[00:50:53] [INFO] 数据库中已存在小说站点表，无需首次初始化...
[00:50:53] [INFO] 数据库中已存在小说站点表，无需首次初始化...
[00:50:53] [INFO] 数据库中已存在小说站点表，无需首次初始化...
[00:50:53] [INFO] 数据库中已存在小说站点表，无需首次初始化...
[00:50:53] [INFO] 数据库中已存在小说站点表，无需首次初始化...
[00:50:53] [INFO] 数据库中已存在小说站点表，无需首次初始化...
[00:50:53] [INFO] 数据库中已存在小说站点表，无需首次初始化...
[00:50:53] [INFO] 数据库中已存在小说站点表，无需首次初始化...
[00:50:53] [INFO] 数据库中已存在小说站点表，无需首次初始化...
[00:50:53] [INFO] 数据库中已存在小说站点表，无需首次初始化...
[00:50:53] [INFO] 数据库中已存在小说站点表，无需首次初始化...
[00:50:53] [INFO] 数据库中已存在小说站点表，无需首次初始化...
[00:50:53] [INFO] 数据库中已存在小说站点表，无需首次初始化...
[00:50:53] [INFO] 数据库中已存在小说站点表，无需首次初始化...
[00:50:53] [INFO] 数据库中已存在小说站点表，无需首次初始化...
[00:50:53] [INFO] 数据库中已存在小说站点表，无需首次初始化...
[00:50:53] [INFO] 数据库中已存在小说站点表，无需首次初始化...
[00:50:53] [INFO] 数据库中已存在小说站点表，无需首次初始化...
[00:50:53] [INFO] 数据库中已存在小说站点表，无需首次初始化...
[00:50:53] [INFO] 数据库中已存在小说站点表，无需首次初始化...
[00:50:53] [INFO] 数据库中已存在小说站点表，无需首次初始化...
[00:50:53] [INFO] 数据库中已存在小说站点表，无需首次初始化...
[00:50:53] [INFO] 数据库中已存在小说站点表，无需首次初始化...
[00:50:53] [INFO] 数据库中已存在小说站点表，无需首次初始化...
[00:50:53] [INFO] 数据库中已存在小说站点表，无需首次初始化...
[00:50:53] [INFO] 数据库中已存在小说站点表，无需首次初始化...
[00:50:53] [INFO] 数据库中已存在小说站点表，无需首次初始化...
[00:50:53] [INFO] 数据库中已存在小说站点表，无需首次初始化...
[00:50:53] [INFO] 数据库中已存在小说站点表，无需首次初始化...
[00:50:53] [INFO] 数据库中已存在小说站点表，无需首次初始化...
[00:50:53] [INFO] 数据库中已存在小说站点表，无需首次初始化...
[00:50:53] [INFO] 数据库中已存在小说站点表，无需首次初始化...
[00:50:53] [INFO] 数据库中已存在小说站点表，无需首次初始化...
[00:50:53] [INFO] 数据库中已存在小说站点表，无需首次初始化...
[00:50:53] [INFO] 数据库中已存在小说站点表，无需首次初始化...
[00:50:53] [INFO] 数据库中已存在小说站点表，无需首次初始化...
[00:50:53] [INFO] 数据库中已存在小说站点表，无需首次初始化...
[00:50:53] [INFO] 数据库中已存在小说站点表，无需首次初始化...
[00:50:53] [INFO] 数据库中已存在小说站点表，无需首次初始化...
[00:50:53] [INFO] 数据库中已存在小说站点表，无需首次初始化...
[00:50:53] [INFO] 数据库中已存在小说站点表，无需首次初始化...
[00:50:53] [INFO] 数据库中已存在小说站点表，无需首次初始化...
[00:50:53] [INFO] 数据库中已存在小说站点表，无需首次初始化...
[00:50:53] [INFO] 数据库中已存在小说站点表，无需首次初始化...
[00:50:53] [INFO] 数据库中已存在小说站点表，无需首次初始化...
[00:50:53] [INFO] 数据库中已存在小说站点表，无需首次初始化...
[00:50:53] [INFO] 数据库中已存在小说站点表，无需首次初始化...
[00:50:53] [INFO] 数据库中已存在小说站点表，无需首次初始化...
[00:50:53] [INFO] 数据库中已存在小说站点表，无需首次初始化...
[00:50:53] [INFO] 数据库中已存在小说站点表，无需首次初始化...
[00:50:53] [INFO] 数据库中已存在小说站点表，无需首次初始化...
[00:50:53] [INFO] 数据库中已存在小说站点表，无需首次初始化...
[00:50:53] [INFO] 数据库中已存在小说站点表，无需首次初始化...
[00:50:53] [INFO] 数据库中已存在小说站点表，无需首次初始化...
[00:50:53] [INFO] 数据库中已存在小说站点表，无需首次初始化...
[00:50:53] [INFO] 数据库中已存在小说站点表，无需首次初始化...
[00:50:53] [INFO] 数据库中已存在小说站点表，无需首次初始化...
[00:50:53] [INFO] 数据库中已存在小说站点表，无需首次初始化...
[00:50:53] [INFO] 数据库中已存在小说站点表，无需首次初始化...
[00:50:53] [INFO] 数据库中已存在小说站点表，无需首次初始化...
[00:50:53] [INFO] 数据库中已存在小说站点表，无需首次初始化...
[00:50:53] [INFO] 数据库中已存在小说站点表，无需首次初始化...
[00:50:53] [INFO] 数据库中已存在小说站点表，无需首次初始化...
[00:50:53] [INFO] 数据库中已存在小说站点表，无需首次初始化...
[00:50:53] [INFO] 数据库中已存在小说站点表，无需首次初始化...
[00:50:53] [INFO] 数据库中已存在小说站点表，无需首次初始化...
[00:50:53] [INFO] 数据库中已存在小说站点表，无需首次初始化...
[00:50:53] [INFO] 数据库中已存在小说站点表，无需首次初始化...
[00:50:53] [INFO] 数据库中已存在小说站点表，无需首次初始化...
[00:50:53] [INFO] 数据库中已存在小说站点表，无需首次初始化...
[00:50:53] [INFO] 数据库中已存在小说站点表，无需首次初始化...
[00:50:53] [INFO] 数据库中已存在小说站点表，无需首次初始化...
[00:50:53] [INFO] 数据库中已存在小说站点表，无需首次初始化...
[00:50:53] [INFO] 数据库中已存在小说站点表，无需首次初始化...
[00:50:53] [INFO] 数据库中已存在小说站点表，无需首次初始化...
[00:50:53] [INFO] 数据库中已存在小说站点表，无需首次初始化...
[00:50:53] [INFO] 数据库中已存在小说站点表，无需首次初始化...
[00:50:53] [INFO] 数据库中已存在小说站点表，无需首次初始化...
[00:50:53] [INFO] 数据库中已存在小说站点表，无需首次初始化...
[00:50:53] [INFO] 数据库中已存在小说站点表，无需首次初始化...
[00:50:53] [INFO] 数据库中已存在小说站点表，无需首次初始化...
[00:50:53] [INFO] 数据库中已存在小说站点表，无需首次初始化...
[00:50:53] [INFO] 数据库中已存在小说站点表，无需首次初始化...
[00:50:53] [INFO] 数据库中已存在小说站点表，无需首次初始化...
[00:50:53] [INFO] 数据库中已存在小说站点表，无需首次初始化...
[00:50:53] [INFO] 数据库中已存在小说站点表，无需首次初始化...
[00:50:53] [INFO] 数据库中已存在小说站点表，无需首次初始化...
[00:50:53] [INFO] 数据库中已存在小说站点表，无需首次初始化...
[00:50:53] [INFO] 数据库中已存在小说站点表，无需首次初始化...
[00:50:53] [INFO] 数据库中已存在小说站点表，无需首次初始化...
[00:50:53] [INFO] 数据库中已存在小说站点表，无需首次初始化...
[00:50:53] [INFO] 数据库中已存在小说站点表，无需首次初始化...
[00:50:53] [INFO] 数据库中已存在小说站点表，无需首次初始化...
[00:50:53] [INFO] 数据库中已存在小说站点表，无需首次初始化...
[00:50:53] [INFO] 数据库中已存在小说站点表，无需首次初始化...
[00:50:53] [INFO] 数据库中已存在小说站点表，无需首次初始化...
[00:50:53] [INFO] 数据库中已存在小说站点表，无需首次初始化...
[00:50:53] [INFO] 数据库中已存在小说站点表，无需首次初始化...
[00:50:53] [INFO] 数据库中已存在小说站点表，无需首次初始化...
[00:50:53] [INFO] 数据库中已存在小说站点表，无需首次初始化...
[00:50:53] [INFO] 数据库中已存在小说站点表，无需首次初始化...
[00:50:53] [INFO] 数据库中已存在小说站点表，无需首次初始化...
[00:50:53] [INFO] 数据库中已存在小说站点表，无需首次初始化...
[00:50:53] [INFO] 数据库中已存在小说站点表，无需首次初始化...
[00:50:53] [INFO] 数据库中已存在小说站点表，无需首次初始化...
[00:50:53] [INFO] 数据库中已存在小说站点表，无需首次初始化...
[00:50:53] [INFO] 数据库中已存在小说站点表，无需首次初始化...
[00:50:53] [INFO] 数据库中已存在小说站点表，无需首次初始化...
[00:50:53] [INFO] 数据库中已存在小说站点表，无需首次初始化...
[00:50:53] [INFO] 数据库中已存在小说站点表，无需首次初始化...
[00:50:53] [INFO] 数据库中已存在小说站点表，无需首次初始化...
[00:50:53] [INFO] 数据库中已存在小说站点表，无需首次初始化...
[00:50:53] [INFO] 数据库中已存在小说站点表，无需首次初始化...
[00:50:53] [INFO] 数据库中已存在小说站点表，无需首次初始化...
[00:50:53] [INFO] 数据库中已存在小说站点表，无需首次初始化...
[00:50:53] [INFO] 数据库中已存在小说站点表，无需首次初始化...
[00:50:53] [INFO] 数据库中已存在小说站点表，无需首次初始化...
[00:50:53] [INFO] 数据库中已存在小说站点表，无需首次初始化...
[00:50:53] [INFO] 数据库中已存在小说站点表，无需首次初始化...
[00:50:53] [INFO] 数据库中已存在小说站点表，无需首次初始化...
[00:50:53] [INFO] 数据库中已存在小说站点表，无需首次初始化...
[00:50:53] [INFO] 数据库中已存在小说站点表，无需首次初始化...
[00:50:53] [INFO] 数据库中已存在小说站点表，无需首次初始化...
[00:50:53] [INFO] 数据库中已存在小说站点表，无需首次初始化...
[00:50:53] [INFO] 数据库中已存在小说站点表，无需首次初始化...
[00:50:53] [INFO] 数据库中已存在小说站点表，无需首次初始化...
[00:50:53] [INFO] 数据库中已存在小说站点表，无需首次初始化...
[00:50:53] [INFO] 数据库中已存在小说站点表，无需首次初始化...
[00:50:53] [INFO] 数据库中已存在小说站点表，无需首次初始化...
[00:50:53] [INFO] 数据库中已存在小说站点表，无需首次初始化...
[00:50:53] [INFO] 数据库中已存在小说站点表，无需首次初始化...
[00:50:53] [INFO] 数据库中已存在小说站点表，无需首次初始化...
[00:50:53] [INFO] 数据库中已存在小说站点表，无需首次初始化...
[00:50:53] [INFO] 数据库中已存在小说站点表，无需首次初始化...
[00:50:53] [INFO] 数据库中已存在小说站点表，无需首次初始化...
[00:50:53] [INFO] 数据库中已存在小说站点表，无需首次初始化...
[00:50:53] [INFO] 数据库中已存在小说站点表，无需首次初始化...
[00:50:53] [INFO] 数据库中已存在小说站点表，无需首次初始化...
[00:50:53] [INFO] 数据库中已存在小说站点表，无需首次初始化...
[00:50:53] [INFO] 数据库中已存在小说站点表，无需首次初始化...
[00:50:53] [INFO] 数据库中已存在小说站点表，无需首次初始化...
[00:50:53] [INFO] 数据库中已存在小说站点表，无需首次初始化...
[00:50:53] [INFO] 数据库中已存在小说站点表，无需首次初始化...
[00:50:53] [INFO] 数据库中已存在小说站点表，无需首次初始化...
[00:50:53] [INFO] 数据库中已存在小说站点表，无需首次初始化...
[00:50:53] [INFO] 数据库中已存在小说站点表，无需首次初始化...
[00:50:53] [INFO] 数据库中已存在小说站点表，无需首次初始化...
[00:50:53] [INFO] 数据库中已存在小说站点表，无需首次初始化...
[00:50:53] [INFO] 数据库中已存在小说站点表，无需首次初始化...
[00:50:53] [INFO] 数据库中已存在小说站点表，无需首次初始化...
[00:50:53] [INFO] 数据库中已存在小说站点表，无需首次初始化...
[00:50:53] [INFO] 数据库中已存在小说站点表，无需首次初始化...
[00:50:53] [INFO] 数据库中已存在小说站点表，无需首次初始化...
[00:50:53] [INFO] 数据库中已存在小说站点表，无需首次初始化...
[00:50:53] [INFO] 数据库中已存在小说站点表，无需首次初始化...
[00:50:53] [INFO] 数据库中已存在小说站点表，无需首次初始化...
[00:50:53] [INFO] 数据库中已存在小说站点表，无需首次初始化...
[00:50:53] [INFO] 数据库中已存在小说站点表，无需首次初始化...
[00:50:53] [INFO] 数据库中已存在小说站点表，无需首次初始化...
[00:50:53] [INFO] 数据库中已存在小说站点表，无需首次初始化...
[00:50:53] [INFO] 数据库中已存在小说站点表，无需首次初始化...
[00:50:53] [INFO] 数据库中已存在小说站点表，无需首次初始化...
[00:50:53] [INFO] 数据库中已存在小说站点表，无需首次初始化...
[00:50:53] [INFO] 数据库中已存在小说站点表，无需首次初始化...
[00:50:53] [INFO] 数据库中已存在小说站点表，无需首次初始化...
[00:50:53] [INFO] 数据库中已存在小说站点表，无需首次初始化...
[00:50:53] [INFO] 数据库中已存在小说站点表，无需首次初始化...
[00:50:53] [INFO] 数据库中已存在小说站点表，无需首次初始化...
[00:50:53] [INFO] 数据库中已存在小说站点表，无需首次初始化...
[00:50:53] [INFO] 数据库中已存在小说站点表，无需首次初始化...
[00:50:53] [INFO] 数据库中已存在小说站点表，无需首次初始化...
[00:50:53] [INFO] 数据库中已存在小说站点表，无需首次初始化...
[00:50:53] [INFO] 数据库中已存在小说站点表，无需首次初始化...
[00:50:53] [INFO] 数据库中已存在小说站点表，无需首次初始化...
[00:50:53] [INFO] 数据库中已存在小说站点表，无需首次初始化...
[00:50:53] [INFO] 数据库中已存在小说站点表，无需首次初始化...
[00:50:53] [INFO] 数据库中已存在小说站点表，无需首次初始化...
[00:50:53] [INFO] 数据库中已存在小说站点表，无需首次初始化...
[00:50:53] [INFO] 数据库中已存在小说站点表，无需首次初始化...
[00:50:53] [INFO] 数据库中已存在小说站点表，无需首次初始化...
[00:50:53] [INFO] 数据库中已存在小说站点表，无需首次初始化...
[00:50:53] [INFO] 数据库中已存在小说站点表，无需首次初始化...
[00:50:53] [INFO] 数据库中已存在小说站点表，无需首次初始化...
[00:50:53] [INFO] 数据库中已存在小说站点表，无需首次初始化...
[00:50:53] [INFO] 数据库中已存在小说站点表，无需首次初始化...
[00:50:53] [INFO] 数据库中已存在小说站点表，无需首次初始化...
[00:50:53] [INFO] 数据库中已存在小说站点表，无需首次初始化...
[00:50:53] [INFO] 数据库中已存在小说站点表，无需首次初始化...
[00:50:53] [INFO] 数据库中已存在小说站点表，无需首次初始化...
[00:50:53] [INFO] 数据库中已存在小说站点表，无需首次初始化...
[00:50:53] [INFO] 数据库中已存在小说站点表，无需首次初始化...
[00:50:53] [INFO] 数据库中已存在小说站点表，无需首次初始化...
[00:50:53] [INFO] 数据库中已存在小说站点表，无需首次初始化...
[00:50:53] [INFO] 数据库中已存在小说站点表，无需首次初始化...
[00:50:53] [INFO] 数据库中已存在小说站点表，无需首次初始化...
[00:50:53] [INFO] 数据库中已存在小说站点表，无需首次初始化...
[00:50:53] [INFO] 数据库中已存在小说站点表，无需首次初始化...
[00:50:53] [INFO] 数据库中已存在小说站点表，无需首次初始化...
[00:50:53] [INFO] 数据库中已存在小说站点表，无需首次初始化...
[00:50:53] [INFO] 数据库中已存在小说站点表，无需首次初始化...
[00:50:53] [INFO] 数据库中已存在小说站点表，无需首次初始化...
[00:50:53] [INFO] 数据库中已存在小说站点表，无需首次初始化...
[00:50:53] [INFO] 数据库中已存在小说站点表，无需首次初始化...
[00:50:53] [INFO] 数据库中已存在小说站点表，无需首次初始化...
[00:50:53] [INFO] 数据库中已存在小说站点表，无需首次初始化...
[00:50:53] [INFO] 数据库中已存在小说站点表，无需首次初始化...
[00:50:53] [INFO] 数据库中已存在小说站点表，无需首次初始化...
[00:50:53] [INFO] 数据库中已存在小说站点表，无需首次初始化...
[00:50:53] [INFO] 数据库中已存在小说站点表，无需首次初始化...
[00:50:53] [INFO] 数据库中已存在小说站点表，无需首次初始化...
[00:50:53] [INFO] 数据库中已存在小说站点表，无需首次初始化...
[00:50:53] [INFO] 数据库中已存在小说站点表，无需首次初始化...
[00:50:53] [INFO] 数据库中已存在小说站点表，无需首次初始化...
[00:50:53] [INFO] 数据库中已存在小说站点表，无需首次初始化...
[00:50:53] [INFO] 数据库中已存在小说站点表，无需首次初始化...
[00:50:53] [INFO] 数据库中已存在小说站点表，无需首次初始化...
[00:50:53] [INFO] 数据库中已存在小说站点表，无需首次初始化...
[00:50:53] [INFO] 数据库中已存在小说站点表，无需首次初始化...
[00:50:53] [INFO] 数据库中已存在小说站点表，无需首次初始化...
[00:50:53] [INFO] 数据库中已存在小说站点表，无需首次初始化...
[00:50:53] [INFO] 数据库中已存在小说站点表，无需首次初始化...
[00:50:53] [INFO] 数据库中已存在小说站点表，无需首次初始化...
[00:50:53] [INFO] 数据库中已存在小说站点表，无需首次初始化...
[00:50:53] [INFO] 数据库中已存在小说站点表，无需首次初始化...
[00:50:53] [INFO] 数据库中已存在小说站点表，无需首次初始化...
[00:50:53] [INFO] 数据库中已存在小说站点表，无需首次初始化...
[00:50:53] [INFO] 数据库中已存在小说站点表，无需首次初始化...
[00:50:53] [INFO] 数据库中已存在小说站点表，无需首次初始化...
[00:50:53] [INFO] 数据库中已存在小说站点表，无需首次初始化...
[00:50:53] [INFO] 数据库中已存在小说站点表，无需首次初始化...
[00:50:53] [INFO] 数据库中已存在小说站点表，无需首次初始化...
[00:50:53] [INFO] 数据库中已存在小说站点表，无需首次初始化...
[00:50:53] [INFO] 数据库中已存在小说站点表，无需首次初始化...
[00:50:53] [INFO] 数据库中已存在小说站点表，无需首次初始化...
[00:50:53] [INFO] 数据库中已存在小说站点表，无需首次初始化...
[00:50:53] [INFO] 数据库中已存在小说站点表，无需首次初始化...
[00:50:53] [INFO] 数据库中已存在小说站点表，无需首次初始化...
[00:50:53] [INFO] 数据库中已存在小说站点表，无需首次初始化...
[00:50:53] [INFO] 数据库中已存在小说站点表，无需首次初始化...
[00:50:53] [INFO] 数据库中已存在小说站点表，无需首次初始化...
[00:50:53] [INFO] 数据库中已存在小说站点表，无需首次初始化...
[00:50:53] [INFO] 数据库中已存在小说站点表，无需首次初始化...
[00:50:53] [INFO] 数据库中已存在小说站点表，无需首次初始化...
[00:50:53] [INFO] 数据库中已存在小说站点表，无需首次初始化...
[00:50:53] [INFO] 数据库中已存在小说站点表，无需首次初始化...
[00:50:53] [INFO] 数据库中已存在小说站点表，无需首次初始化...
[00:50:53] [INFO] 数据库中已存在小说站点表，无需首次初始化...
[00:50:53] [INFO] 数据库中已存在小说站点表，无需首次初始化...
[00:50:53] [INFO] 数据库中已存在小说站点表，无需首次初始化...
[00:50:53] [INFO] 数据库中已存在小说站点表，无需首次初始化...
[00:50:53] [INFO] 数据库中已存在小说站点表，无需首次初始化...
[00:50:53] [INFO] 数据库中已存在小说站点表，无需首次初始化...
[00:50:53] [INFO] 数据库中已存在小说站点表，无需首次初始化...
[00:50:53] [INFO] 数据库中已存在小说站点表，无需首次初始化...
[00:50:53] [INFO] 数据库中已存在小说站点表，无需首次初始化...
[00:50:53] [INFO] 数据库中已存在小说站点表，无需首次初始化...
[00:50:53] [INFO] 数据库中已存在小说站点表，无需首次初始化...
[00:50:53] [INFO] 数据库中已存在小说站点表，无需首次初始化...
[00:50:53] [INFO] 数据库中已存在小说站点表，无需首次初始化...
[00:50:53] [INFO] 数据库中已存在小说站点表，无需首次初始化...
[00:50:53] [INFO] 数据库中已存在小说站点表，无需首次初始化...
[00:50:53] [INFO] 数据库中已存在小说站点表，无需首次初始化...
[00:50:53] [INFO] 数据库中已存在小说站点表，无需首次初始化...
[00:50:53] [INFO] 数据库中已存在小说站点表，无需首次初始化...
[00:50:53] [INFO] 数据库中已存在小说站点表，无需首次初始化...
[00:50:53] [INFO] 数据库中已存在小说站点表，无需首次初始化...
[00:50:53] [INFO] 数据库中已存在小说站点表，无需首次初始化...
[00:50:53] [INFO] 数据库中已存在小说站点表，无需首次初始化...
[00:50:53] [INFO] 数据库中已存在小说站点表，无需首次初始化...
[00:50:53] [INFO] 数据库中已存在小说站点表，无需首次初始化...
[00:50:53] [INFO] 数据库中已存在小说站点表，无需首次初始化...
[00:50:53] [INFO] 数据库中已存在小说站点表，无需首次初始化...
[00:50:53] [INFO] 数据库中已存在小说站点表，无需首次初始化...
[00:50:53] [INFO] 数据库中已存在小说站点表，无需首次初始化...
[00:50:53] [INFO] 数据库中已存在小说站点表，无需首次初始化...
[00:50:53] [INFO] 数据库中已存在小说站点表，无需首次初始化...
[00:50:53] [INFO] 数据库中已存在小说站点表，无需首次初始化...
[00:50:53] [INFO] 数据库中已存在小说站点表，无需首次初始化...
[00:50:53] [INFO] 数据库中已存在小说站点表，无需首次初始化...
[00:50:53] [INFO] 数据库中已存在小说站点表，无需首次初始化...
[00:50:53] [INFO] 数据库中已存在小说站点表，无需首次初始化...
[00:50:53] [INFO] 数据库中已存在小说站点表，无需首次初始化...
[00:50:53] [INFO] 数据库中已存在小说站点表，无需首次初始化...
[00:50:53] [INFO] 数据库中已存在小说站点表，无需首次初始化...
[00:50:53] [INFO] 数据库中已存在小说站点表，无需首次初始化...
[00:50:53] [INFO] 数据库中已存在小说站点表，无需首次初始化...
[00:50:53] [INFO] 数据库中已存在小说站点表，无需首次初始化...
[00:50:53] [INFO] 数据库中已存在小说站点表，无需首次初始化...
[00:50:53] [INFO] 数据库中已存在小说站点表，无需首次初始化...
[00:50:53] [INFO] 数据库中已存在小说站点表，无需首次初始化...
[00:50:53] [INFO] 数据库中已存在小说站点表，无需首次初始化...
[00:50:53] [INFO] 数据库中已存在小说站点表，无需首次初始化...
[00:50:53] [INFO] 数据库中已存在小说站点表，无需首次初始化...
[00:50:53] [INFO] 数据库中已存在小说站点表，无需首次初始化...
[00:50:53] [INFO] 数据库中已存在小说站点表，无需首次初始化...
[00:50:53] [INFO] 数据库中已存在小说站点表，无需首次初始化...
[00:50:53] [INFO] 数据库中已存在小说站点表，无需首次初始化...
[00:50:53] [INFO] 数据库中已存在小说站点表，无需首次初始化...
[00:50:53] [INFO] 数据库中已存在小说站点表，无需首次初始化...
[00:50:53] [INFO] 数据库中已存在小说站点表，无需首次初始化...
[00:50:53] [INFO] 数据库中已存在小说站点表，无需首次初始化...
[00:50:53] [INFO] 数据库中已存在小说站点表，无需首次初始化...
[00:50:53] [INFO] 数据库中已存在小说站点表，无需首次初始化...
[00:50:53] [INFO] 数据库中已存在小说站点表，无需首次初始化...
[00:50:53] [INFO] 数据库中已存在小说站点表，无需首次初始化...
[00:50:53] [INFO] 数据库中已存在小说站点表，无需首次初始化...
[00:50:53] [INFO] 数据库中已存在小说站点表，无需首次初始化...
[00:50:53] [INFO] 数据库中已存在小说站点表，无需首次初始化...
[00:50:53] [INFO] 数据库中已存在小说站点表，无需首次初始化...
[00:50:53] [INFO] 数据库中已存在小说站点表，无需首次初始化...
[00:50:53] [INFO] 数据库中已存在小说站点表，无需首次初始化...
[00:50:53] [INFO] 数据库中已存在小说站点表，无需首次初始化...
[00:50:53] [INFO] 数据库中已存在小说站点表，无需首次初始化...
[00:50:53] [INFO] 数据库中已存在小说站点表，无需首次初始化...
[00:50:53] [INFO] 数据库中已存在小说站点表，无需首次初始化...
[00:50:53] [INFO] 数据库中已存在小说站点表，无需首次初始化...
[00:50:53] [INFO] 数据库中已存在小说站点表，无需首次初始化...
[00:50:53] [INFO] 数据库中已存在小说站点表，无需首次初始化...
[00:50:53] [INFO] 数据库中已存在小说站点表，无需首次初始化...
[00:50:53] [INFO] 数据库中已存在小说站点表，无需首次初始化...
[00:50:53] [INFO] 数据库中已存在小说站点表，无需首次初始化...
[00:50:53] [INFO] 数据库中已存在小说站点表，无需首次初始化...
[00:50:53] [INFO] 数据库中已存在小说站点表，无需首次初始化...
[00:50:53] [INFO] 数据库中已存在小说站点表，无需首次初始化...
[00:50:53] [INFO] 数据库中已存在小说站点表，无需首次初始化...
[00:50:53] [INFO] 数据库中已存在小说站点表，无需首次初始化...
[00:50:53] [INFO] 数据库中已存在小说站点表，无需首次初始化...
[00:50:53] [INFO] 数据库中已存在小说站点表，无需首次初始化...
[00:50:53] [INFO] 数据库中已存在小说站点表，无需首次初始化...
[00:50:53] [INFO] 数据库中已存在小说站点表，无需首次初始化...
[00:50:53] [INFO] 数据库中已存在小说站点表，无需首次初始化...
[00:50:53] [INFO] 数据库中已存在小说站点表，无需首次初始化...
[00:50:53] [INFO] 数据库中已存在小说站点表，无需首次初始化...
[00:50:53] [INFO] 数据库中已存在小说站点表，无需首次初始化...
[00:50:53] [INFO] 数据库中已存在小说站点表，无需首次初始化...
[00:50:53] [INFO] 数据库中已存在小说站点表，无需首次初始化...
[00:50:53] [INFO] 数据库中已存在小说站点表，无需首次初始化...
[00:50:53] [INFO] 数据库中已存在小说站点表，无需首次初始化...
[00:50:53] [INFO] 数据库中已存在小说站点表，无需首次初始化...
[00:50:53] [INFO] 数据库中已存在小说站点表，无需首次初始化...
[00:50:53] [INFO] 数据库中已存在小说站点表，无需首次初始化...
[00:50:53] [INFO] 数据库中已存在小说站点表，无需首次初始化...
[00:50:53] [INFO] 数据库中已存在小说站点表，无需首次初始化...
[00:50:53] [INFO] 数据库中已存在小说站点表，无需首次初始化...
[00:50:53] [INFO] 数据库中已存在小说站点表，无需首次初始化...
[00:50:53] [INFO] 数据库中已存在小说站点表，无需首次初始化...
[00:50:53] [INFO] 数据库中已存在小说站点表，无需首次初始化...
[00:50:53] [INFO] 数据库中已存在小说站点表，无需首次初始化...
[00:50:53] [INFO] 数据库中已存在小说站点表，无需首次初始化...
[00:50:53] [INFO] 数据库中已存在小说站点表，无需首次初始化...
[00:50:53] [INFO] 数据库中已存在小说站点表，无需首次初始化...
[00:50:53] [INFO] 数据库中已存在小说站点表，无需首次初始化...
[00:50:53] [INFO] 数据库中已存在小说站点表，无需首次初始化...
[00:50:53] [INFO] 数据库中已存在小说站点表，无需首次初始化...
[00:50:53] [INFO] 数据库中已存在小说站点表，无需首次初始化...
[00:50:53] [INFO] 数据库中已存在小说站点表，无需首次初始化...
[00:50:53] [INFO] 数据库中已存在小说站点表，无需首次初始化...
[00:50:53] [INFO] 数据库中已存在小说站点表，无需首次初始化...
[00:50:53] [INFO] 数据库中已存在小说站点表，无需首次初始化...
[00:50:53] [INFO] 数据库中已存在小说站点表，无需首次初始化...
[00:50:53] [INFO] 数据库中已存在小说站点表，无需首次初始化...
[00:50:53] [INFO] 数据库中已存在小说站点表，无需首次初始化...
[00:50:53] [INFO] 数据库中已存在小说站点表，无需首次初始化...
[00:50:53] [INFO] 数据库中已存在小说站点表，无需首次初始化...
[00:50:53] [INFO] 数据库中已存在小说站点表，无需首次初始化...
[00:50:53] [INFO] 数据库中已存在小说站点表，无需首次初始化...
[00:50:53] [INFO] 数据库中已存在小说站点表，无需首次初始化...
[00:50:53] [INFO] 数据库中已存在小说站点表，无需首次初始化...
[00:50:53] [INFO] 数据库中已存在小说站点表，无需首次初始化...
[00:50:53] [INFO] 数据库中已存在小说站点表，无需首次初始化...
[00:50:53] [INFO] 数据库中已存在小说站点表，无需首次初始化...
[00:50:53] [INFO] 数据库中已存在小说站点表，无需首次初始化...
[00:50:53] [INFO] 数据库中已存在小说站点表，无需首次初始化...
[00:50:53] [INFO] 数据库中已存在小说站点表，无需首次初始化...
[00:50:53] [INFO] 数据库中已存在小说站点表，无需首次初始化...
[00:50:53] [INFO] 数据库中已存在小说站点表，无需首次初始化...
[00:50:53] [INFO] 数据库中已存在小说站点表，无需首次初始化...
[00:50:53] [INFO] 数据库中已存在小说站点表，无需首次初始化...
[00:50:53] [INFO] 数据库中已存在小说站点表，无需首次初始化...
[00:50:53] [INFO] 数据库中已存在小说站点表，无需首次初始化...
[00:50:53] [INFO] 数据库中已存在小说站点表，无需首次初始化...
[00:50:53] [INFO] 数据库中已存在小说站点表，无需首次初始化...
[00:50:53] [INFO] 数据库中已存在小说站点表，无需首次初始化...
[00:50:53] [INFO] 数据库中已存在小说站点表，无需首次初始化...
[00:50:53] [INFO] 数据库中已存在小说站点表，无需首次初始化...
[00:50:53] [INFO] 数据库中已存在小说站点表，无需首次初始化...
[00:50:53] [INFO] 数据库中已存在小说站点表，无需首次初始化...
[00:50:53] [INFO] 数据库中已存在小说站点表，无需首次初始化...
[00:50:53] [INFO] 数据库中已存在小说站点表，无需首次初始化...
[00:50:53] [INFO] 数据库中已存在小说站点表，无需首次初始化...
[00:50:53] [INFO] 数据库中已存在小说站点表，无需首次初始化...
[00:50:53] [INFO] 数据库中已存在小说站点表，无需首次初始化...
[00:50:53] [INFO] 数据库中已存在小说站点表，无需首次初始化...
[00:50:53] [INFO] 数据库中已存在小说站点表，无需首次初始化...
[00:50:53] [INFO] 数据库中已存在小说站点表，无需首次初始化...
[00:50:53] [INFO] 数据库中已存在小说站点表，无需首次初始化...
[00:50:53] [INFO] 数据库中已存在小说站点表，无需首次初始化...
[00:50:53] [INFO] 数据库中已存在小说站点表，无需首次初始化...
[00:50:53] [INFO] 数据库中已存在小说站点表，无需首次初始化...
[00:50:53] [INFO] 数据库中已存在小说站点表，无需首次初始化...
[00:50:53] [INFO] 数据库中已存在小说站点表，无需首次初始化...
[00:50:53] [INFO] 数据库中已存在小说站点表，无需首次初始化...
[00:50:53] [INFO] 数据库中已存在小说站点表，无需首次初始化...
[00:50:53] [INFO] 数据库中已存在小说站点表，无需首次初始化...
[00:50:53] [INFO] 数据库中已存在小说站点表，无需首次初始化...
[00:50:53] [INFO] 数据库中已存在小说站点表，无需首次初始化...
[00:50:53] [INFO] 数据库中已存在小说站点表，无需首次初始化...
[00:50:53] [INFO] 数据库中已存在小说站点表，无需首次初始化...
[00:50:53] [INFO] 数据库中已存在小说站点表，无需首次初始化...
[00:50:53] [INFO] 数据库中已存在小说站点表，无需首次初始化...
[00:50:53] [INFO] 数据库中已存在小说站点表，无需首次初始化...
[00:50:53] [INFO] 数据库中已存在小说站点表，无需首次初始化...
[00:50:53] [INFO] 数据库中已存在小说站点表，无需首次初始化...
[00:50:53] [INFO] 数据库中已存在小说站点表，无需首次初始化...
[00:50:53] [INFO] 数据库中已存在小说站点表，无需首次初始化...
[00:50:53] [INFO] 数据库中已存在小说站点表，无需首次初始化...
[00:50:53] [INFO] 数据库中已存在小说站点表，无需首次初始化...
[00:50:53] [INFO] 数据库中已存在小说站点表，无需首次初始化...
[00:50:53] [INFO] 数据库中已存在小说站点表，无需首次初始化...
